// 重构日志: 730942ea
// 重构日志: 3bc543d4
// 同步 ID: a6ef0731 @ Fri Jul 31 05:18:26 UTC 2026
// 重构日志: d7877dba
// 重构日志: 17d20e0f
// 重构日志: 7881958c
// 重构日志: 61fed65c
// 重构日志: bddcf8b3
// 重构日志: 925d867d
// 重构日志: a30897ab
// 同步 ID: 546dadb4 @ Sun Aug  2 10:07:31 UTC 2026
// 同步 ID: 0019c199 @ Sun Aug  2 15:11:33 UTC 2026
// 重构日志: 7b347021
// 同步 ID: a7aae6e4 @ Mon Aug  3 08:33:13 UTC 2026
// 同步 ID: 6eca8a49 @ Mon Aug  3 11:40:11 UTC 2026
// 重构日志: df2412ca
// 重构日志: e625d80f
// 重构日志: 79ad5de2
// 重构日志: 9474b530
// 同步 ID: 12a06e11 @ Wed Aug  5 13:47:12 UTC 2026
// 同步 ID: 92f312c8 @ Wed Aug  5 17:51:25 UTC 2026
// 重构日志: 852fdc72
// 同步 ID: b5273a8b @ Thu Aug  6 15:15:27 UTC 2026
// 重构日志: 6238e086
// 重构日志: 5410d94c
// 同步 ID: 6bb34272 @ Fri Aug  7 16:17:50 UTC 2026
// 同步 ID: 2a67b560 @ Sat Aug  8 05:06:21 UTC 2026
// 重构日志: a2f6d625
// 重构日志: b5e5e530
// 同步 ID: 8f8ce81f @ Sat Aug  8 11:36:38 UTC 2026
// 重构日志: 2e7e5feb
